// Jest Snapshot v1, https://goo.gl/fbAQLP

exports[`Main component renders Main component 1`] = `
<body>
  <div>
    <header
      class="MuiPaper-root MuiAppBar-root MuiAppBar-positionStatic MuiAppBar-colorPrimary makeStyles-header-11 MuiPaper-elevation4"
    >
      <h6
        class="MuiTypography-root MuiTypography-h6"
      >
        üõ°Ô∏è
         Clever Block Explorer
      </h6>
    </header>
    <div
      class="MuiContainer-root makeStyles-container-1 MuiContainer-maxWidthLg"
    >
      <div
        class="MuiGrid-root MuiGrid-grid-xs-12 MuiGrid-grid-md-10"
      >
        <div
          class="MuiFormControl-root MuiTextField-root makeStyles-searchStyle-4"
        >
          <label
            class="MuiFormLabel-root MuiInputLabel-root MuiInputLabel-formControl MuiInputLabel-animated MuiInputLabel-outlined"
            data-shrink="false"
            for="standard-start-adornment"
            id="standard-start-adornment-label"
          >
            transaction address
          </label>
          <div
            class="MuiInputBase-root MuiOutlinedInput-root MuiInputBase-formControl MuiInputBase-adornedEnd MuiOutlinedInput-adornedEnd"
          >
            <input
              aria-invalid="false"
              class="MuiInputBase-input MuiOutlinedInput-input MuiInputBase-inputAdornedEnd MuiOutlinedInput-inputAdornedEnd"
              id="standard-start-adornment"
              type="text"
              value=""
            />
            <div
              class="MuiInputAdornment-root MuiInputAdornment-positionEnd"
            >
              <p
                class="MuiTypography-root MuiTypography-body1 MuiTypography-colorTextSecondary"
              >
                üîé
              </p>
            </div>
            <fieldset
              aria-hidden="true"
              class="PrivateNotchedOutline-root-5 MuiOutlinedInput-notchedOutline"
            >
              <legend
                class="PrivateNotchedOutline-legendLabelled-7"
              >
                <span>
                  transaction address
                </span>
              </legend>
            </fieldset>
          </div>
        </div>
      </div>
      <div
        class="MuiGrid-root MuiGrid-grid-md-12"
      >
        <div
          class="MuiToggleButtonGroup-root makeStyles-toggleStyle-12"
          role="group"
        >
          <button
            aria-pressed="true"
            class="MuiButtonBase-root MuiToggleButton-root MuiToggleButtonGroup-grouped MuiToggleButtonGroup-groupedHorizontal Mui-selected"
            tabindex="0"
            type="button"
            value="5938fc8af82250ad6cf1da3bb92f4aa005cb2717"
          >
            <span
              class="MuiToggleButton-label"
            >
               
              AliceCoin
               
            </span>
            <span
              class="MuiTouchRipple-root"
            />
          </button>
          <button
            aria-pressed="false"
            class="MuiButtonBase-root MuiToggleButton-root MuiToggleButtonGroup-grouped MuiToggleButtonGroup-groupedHorizontal"
            tabindex="0"
            type="button"
            value="acfbdcf4693b1780e474116211f7f4795f24e06a"
          >
            <span
              class="MuiToggleButton-label"
            >
               
              BobCoin
               
            </span>
            <span
              class="MuiTouchRipple-root"
            />
          </button>
        </div>
      </div>
      <div
        class="MuiGrid-root MuiGrid-container MuiGrid-grid-xs-12 MuiGrid-grid-md-10"
        style="border: 1px solid lightgrey; border-radius: 6px; padding: 16px;"
      >
        <div
          class="MuiGrid-root MuiGrid-item"
        >
          <div
            class="MuiCircularProgress-root MuiCircularProgress-colorPrimary MuiCircularProgress-indeterminate"
            role="progressbar"
            style="width: 24px; height: 24px;"
          >
            <svg
              class="MuiCircularProgress-svg"
              viewBox="22 22 44 44"
            >
              <circle
                class="MuiCircularProgress-circle MuiCircularProgress-circleIndeterminate"
                cx="44"
                cy="44"
                fill="none"
                r="20.2"
                stroke-width="3.6"
              />
            </svg>
          </div>
        </div>
      </div>
    </div>
  </div>
</body>
`;
